// Vitest Snapshot v1, https://vitest.dev/guide/snapshot.html

exports[`rule docs heading snapshots > keeps canonical rule docs heading matrix stable 1`] = `
[
  {
    "ruleId": "consistent-incremental-with-tsbuildinfo",
    "sectionHeadings": [
      "Targeted pattern scope",
      "What this rule reports",
      "Why this rule exists",
      "❌ Incorrect",
      "✅ Correct",
      "When not to use it",
      "Package documentation",
      "Further reading",
    ],
  },
  {
    "ruleId": "consistent-module-resolution",
    "sectionHeadings": [
      "Targeted pattern scope",
      "What this rule reports",
      "Why this rule exists",
      "❌ Incorrect",
      "✅ Correct",
      "When not to use it",
      "Package documentation",
      "Further reading",
    ],
  },
  {
    "ruleId": "consistent-target-and-lib",
    "sectionHeadings": [
      "Targeted pattern scope",
      "What this rule reports",
      "Why this rule exists",
      "❌ Incorrect",
      "✅ Correct",
      "When not to use it",
      "Package documentation",
      "Further reading",
    ],
  },
  {
    "ruleId": "getting-started",
    "sectionHeadings": [
      "Alternative: manual scoped setup",
      "Recommended rollout",
      "Focused subsets",
    ],
  },
  {
    "ruleId": "no-allowjs-without-checkjs",
    "sectionHeadings": [
      "Targeted pattern scope",
      "What this rule reports",
      "Why this rule exists",
      "❌ Incorrect",
      "✅ Correct",
      "When not to use it",
      "Package documentation",
      "Further reading",
    ],
  },
  {
    "ruleId": "no-declaration-only-without-declaration",
    "sectionHeadings": [
      "Targeted pattern scope",
      "What this rule reports",
      "Why this rule exists",
      "❌ Incorrect",
      "✅ Correct",
      "When not to use it",
      "Package documentation",
      "Further reading",
    ],
  },
  {
    "ruleId": "no-deprecated-target",
    "sectionHeadings": [
      "Targeted pattern scope",
      "What this rule reports",
      "Why this rule exists",
      "❌ Incorrect",
      "✅ Correct",
      "When not to use it",
      "Package documentation",
      "Further reading",
    ],
  },
  {
    "ruleId": "no-disable-strict-subset",
    "sectionHeadings": [
      "Targeted pattern scope",
      "What this rule reports",
      "Why this rule exists",
      "❌ Incorrect",
      "✅ Correct",
      "When not to use it",
      "Package documentation",
      "Further reading",
    ],
  },
  {
    "ruleId": "no-emit-in-root-config",
    "sectionHeadings": [
      "Targeted pattern scope",
      "What this rule reports",
      "Why this rule exists",
      "❌ Incorrect",
      "✅ Correct",
      "When not to use it",
      "Package documentation",
      "Further reading",
    ],
  },
  {
    "ruleId": "no-esmoduleinterop-with-verbatim",
    "sectionHeadings": [
      "Targeted pattern scope",
      "What this rule reports",
      "Why this rule exists",
      "❌ Incorrect",
      "✅ Correct",
      "When not to use it",
      "Package documentation",
      "Further reading",
    ],
  },
  {
    "ruleId": "no-esnext-target-in-library",
    "sectionHeadings": [
      "Targeted pattern scope",
      "What this rule reports",
      "Why this rule exists",
      "❌ Incorrect",
      "✅ Correct",
      "When not to use it",
      "Package documentation",
      "Further reading",
    ],
  },
  {
    "ruleId": "no-include-dist",
    "sectionHeadings": [
      "Targeted pattern scope",
      "What this rule reports",
      "Why this rule exists",
      "❌ Incorrect",
      "✅ Correct",
      "When not to use it",
      "Package documentation",
      "Further reading",
    ],
  },
  {
    "ruleId": "no-include-node-modules",
    "sectionHeadings": [
      "Targeted pattern scope",
      "What this rule reports",
      "Why this rule exists",
      "❌ Incorrect",
      "✅ Correct",
      "When not to use it",
      "Package documentation",
      "Further reading",
    ],
  },
  {
    "ruleId": "no-inline-source-map",
    "sectionHeadings": [
      "Targeted pattern scope",
      "What this rule reports",
      "Why this rule exists",
      "❌ Incorrect",
      "✅ Correct",
      "Behavior and migration notes",
      "When not to use it",
      "Package documentation",
      "Further reading",
    ],
  },
  {
    "ruleId": "no-legacy-module-detection",
    "sectionHeadings": [
      "Targeted pattern scope",
      "What this rule reports",
      "Why this rule exists",
      "❌ Incorrect",
      "✅ Correct",
      "When not to use it",
      "Package documentation",
      "Further reading",
    ],
  },
  {
    "ruleId": "no-legacy-module-resolution",
    "sectionHeadings": [
      "Targeted pattern scope",
      "What this rule reports",
      "Why this rule exists",
      "❌ Incorrect",
      "✅ Correct",
      "When not to use it",
      "Package documentation",
      "Further reading",
    ],
  },
  {
    "ruleId": "no-rootdir-includes-outdir",
    "sectionHeadings": [
      "Targeted pattern scope",
      "What this rule reports",
      "Why this rule exists",
      "❌ Incorrect",
      "✅ Correct",
      "When not to use it",
      "Package documentation",
      "Further reading",
    ],
  },
  {
    "ruleId": "no-skip-lib-check",
    "sectionHeadings": [
      "Targeted pattern scope",
      "What this rule reports",
      "Why this rule exists",
      "❌ Incorrect",
      "✅ Correct",
      "When not to use it",
      "Package documentation",
      "Further reading",
    ],
  },
  {
    "ruleId": "no-suppress-implicit-any-index-errors",
    "sectionHeadings": [
      "Targeted pattern scope",
      "What this rule reports",
      "Why this rule exists",
      "❌ Incorrect",
      "✅ Correct",
      "Behavior and migration notes",
      "When not to use it",
      "Package documentation",
      "Further reading",
    ],
  },
  {
    "ruleId": "overview",
    "sectionHeadings": [
      "Installation",
      "Quick start (Flat Config)",
      "Presets",
      "Next steps",
    ],
  },
  {
    "ruleId": "require-bundler-module-resolution",
    "sectionHeadings": [
      "Targeted pattern scope",
      "What this rule reports",
      "Why this rule exists",
      "❌ Incorrect",
      "✅ Correct",
      "When not to use it",
      "Package documentation",
      "Further reading",
    ],
  },
  {
    "ruleId": "require-composite-for-references",
    "sectionHeadings": [
      "Targeted pattern scope",
      "What this rule reports",
      "Why this rule exists",
      "❌ Incorrect",
      "✅ Correct",
      "When not to use it",
      "Package documentation",
      "Further reading",
    ],
  },
  {
    "ruleId": "require-declaration-map",
    "sectionHeadings": [
      "Targeted pattern scope",
      "What this rule reports",
      "Why this rule exists",
      "❌ Incorrect",
      "✅ Correct",
      "Behavior and migration notes",
      "When not to use it",
      "Package documentation",
      "Further reading",
    ],
  },
  {
    "ruleId": "require-declaration-with-composite",
    "sectionHeadings": [
      "Targeted pattern scope",
      "What this rule reports",
      "Why this rule exists",
      "❌ Incorrect",
      "✅ Correct",
      "When not to use it",
      "Package documentation",
      "Further reading",
    ],
  },
  {
    "ruleId": "require-downlevel-iteration-with-iterators",
    "sectionHeadings": [
      "Targeted pattern scope",
      "What this rule reports",
      "Why this rule exists",
      "❌ Incorrect",
      "✅ Correct",
      "When not to use it",
      "Package documentation",
      "Further reading",
    ],
  },
  {
    "ruleId": "require-exact-optional-property-types",
    "sectionHeadings": [
      "Targeted pattern scope",
      "What this rule reports",
      "Why this rule exists",
      "❌ Incorrect",
      "✅ Correct",
      "When not to use it",
      "Package documentation",
      "Further reading",
    ],
  },
  {
    "ruleId": "require-exclude-common-artifacts",
    "sectionHeadings": [
      "Targeted pattern scope",
      "What this rule reports",
      "Why this rule exists",
      "❌ Incorrect",
      "✅ Correct",
      "When not to use it",
      "Package documentation",
      "Further reading",
    ],
  },
  {
    "ruleId": "require-force-consistent-casing-in-file-names",
    "sectionHeadings": [
      "Targeted pattern scope",
      "What this rule reports",
      "Why this rule exists",
      "❌ Incorrect",
      "✅ Correct",
      "When not to use it",
      "Package documentation",
      "Further reading",
    ],
  },
  {
    "ruleId": "require-isolated-declarations",
    "sectionHeadings": [
      "Targeted pattern scope",
      "What this rule reports",
      "Why this rule exists",
      "❌ Incorrect",
      "✅ Correct",
      "When not to use it",
      "Package documentation",
      "Further reading",
    ],
  },
  {
    "ruleId": "require-isolated-modules",
    "sectionHeadings": [
      "Targeted pattern scope",
      "What this rule reports",
      "Why this rule exists",
      "❌ Incorrect",
      "✅ Correct",
      "When not to use it",
      "Package documentation",
      "Further reading",
    ],
  },
  {
    "ruleId": "require-no-fallthrough-cases-in-switch",
    "sectionHeadings": [
      "Targeted pattern scope",
      "What this rule reports",
      "Why this rule exists",
      "❌ Incorrect",
      "✅ Correct",
      "When not to use it",
      "Package documentation",
      "Further reading",
    ],
  },
  {
    "ruleId": "require-no-implicit-override",
    "sectionHeadings": [
      "Targeted pattern scope",
      "What this rule reports",
      "Why this rule exists",
      "❌ Incorrect",
      "✅ Correct",
      "When not to use it",
      "Package documentation",
      "Further reading",
    ],
  },
  {
    "ruleId": "require-no-implicit-returns",
    "sectionHeadings": [
      "Targeted pattern scope",
      "What this rule reports",
      "Why this rule exists",
      "❌ Incorrect",
      "✅ Correct",
      "When not to use it",
      "Package documentation",
      "Further reading",
    ],
  },
  {
    "ruleId": "require-no-property-access-from-index-signature",
    "sectionHeadings": [
      "Targeted pattern scope",
      "What this rule reports",
      "Why this rule exists",
      "❌ Incorrect",
      "✅ Correct",
      "When not to use it",
      "Package documentation",
      "Further reading",
    ],
  },
  {
    "ruleId": "require-no-unchecked-indexed-access",
    "sectionHeadings": [
      "Targeted pattern scope",
      "What this rule reports",
      "Why this rule exists",
      "❌ Incorrect",
      "✅ Correct",
      "When not to use it",
      "Package documentation",
      "Further reading",
    ],
  },
  {
    "ruleId": "require-no-unused-locals",
    "sectionHeadings": [
      "Targeted pattern scope",
      "What this rule reports",
      "Why this rule exists",
      "❌ Incorrect",
      "✅ Correct",
      "Behavior and migration notes",
      "When not to use it",
      "Package documentation",
      "Further reading",
    ],
  },
  {
    "ruleId": "require-no-unused-parameters",
    "sectionHeadings": [
      "Targeted pattern scope",
      "What this rule reports",
      "Why this rule exists",
      "❌ Incorrect",
      "✅ Correct",
      "Behavior and migration notes",
      "When not to use it",
      "Package documentation",
      "Further reading",
    ],
  },
  {
    "ruleId": "require-outdir-when-emitting",
    "sectionHeadings": [
      "Targeted pattern scope",
      "What this rule reports",
      "Why this rule exists",
      "❌ Incorrect",
      "✅ Correct",
      "When not to use it",
      "Package documentation",
      "Further reading",
    ],
  },
  {
    "ruleId": "require-source-map-in-dev",
    "sectionHeadings": [
      "Targeted pattern scope",
      "What this rule reports",
      "Why this rule exists",
      "❌ Incorrect",
      "✅ Correct",
      "When not to use it",
      "Package documentation",
      "Further reading",
    ],
  },
  {
    "ruleId": "require-strict-mode",
    "sectionHeadings": [
      "Targeted pattern scope",
      "What this rule reports",
      "Why this rule exists",
      "❌ Incorrect",
      "✅ Correct",
      "When not to use it",
      "Package documentation",
      "Further reading",
    ],
  },
  {
    "ruleId": "require-use-unknown-in-catch-variables",
    "sectionHeadings": [
      "Targeted pattern scope",
      "What this rule reports",
      "Why this rule exists",
      "❌ Incorrect",
      "✅ Correct",
      "When not to use it",
      "Package documentation",
      "Further reading",
    ],
  },
  {
    "ruleId": "require-verbatim-module-syntax",
    "sectionHeadings": [
      "Targeted pattern scope",
      "What this rule reports",
      "Why this rule exists",
      "❌ Incorrect",
      "✅ Correct",
      "When not to use it",
      "Package documentation",
      "Further reading",
    ],
  },
]
`;
