// Vitest Snapshot v1, https://vitest.dev/guide/snapshot.html

exports[`plugin contract snapshots > keeps stable exported rule names 1`] = `
{
  "ruleCount": 40,
  "ruleNames": [
    "consistent-incremental-with-tsbuildinfo",
    "consistent-module-resolution",
    "consistent-target-and-lib",
    "no-allowjs-without-checkjs",
    "no-declaration-only-without-declaration",
    "no-deprecated-target",
    "no-disable-strict-subset",
    "no-emit-in-root-config",
    "no-esmoduleinterop-with-verbatim",
    "no-esnext-target-in-library",
    "no-include-dist",
    "no-include-node-modules",
    "no-inline-source-map",
    "no-legacy-module-detection",
    "no-legacy-module-resolution",
    "no-rootdir-includes-outdir",
    "no-skip-lib-check",
    "no-suppress-implicit-any-index-errors",
    "require-bundler-module-resolution",
    "require-composite-for-references",
    "require-declaration-map",
    "require-declaration-with-composite",
    "require-downlevel-iteration-with-iterators",
    "require-exact-optional-property-types",
    "require-exclude-common-artifacts",
    "require-force-consistent-casing-in-file-names",
    "require-isolated-declarations",
    "require-isolated-modules",
    "require-no-fallthrough-cases-in-switch",
    "require-no-implicit-override",
    "require-no-implicit-returns",
    "require-no-property-access-from-index-signature",
    "require-no-unchecked-indexed-access",
    "require-no-unused-locals",
    "require-no-unused-parameters",
    "require-outdir-when-emitting",
    "require-source-map-in-dev",
    "require-strict-mode",
    "require-use-unknown-in-catch-variables",
    "require-verbatim-module-syntax",
  ],
}
`;

exports[`plugin contract snapshots > keeps stable preset contract matrix 1`] = `
[
  {
    "configKey": "all",
    "parserOptions": {
      "ecmaVersion": null,
      "projectService": false,
      "sourceType": null,
    },
    "presetName": "tsconfig/all",
    "ruleCount": 40,
    "ruleIds": [
      "tsconfig/consistent-incremental-with-tsbuildinfo",
      "tsconfig/consistent-module-resolution",
      "tsconfig/consistent-target-and-lib",
      "tsconfig/no-allowjs-without-checkjs",
      "tsconfig/no-declaration-only-without-declaration",
      "tsconfig/no-deprecated-target",
      "tsconfig/no-disable-strict-subset",
      "tsconfig/no-emit-in-root-config",
      "tsconfig/no-esmoduleinterop-with-verbatim",
      "tsconfig/no-esnext-target-in-library",
      "tsconfig/no-include-dist",
      "tsconfig/no-include-node-modules",
      "tsconfig/no-inline-source-map",
      "tsconfig/no-legacy-module-detection",
      "tsconfig/no-legacy-module-resolution",
      "tsconfig/no-rootdir-includes-outdir",
      "tsconfig/no-skip-lib-check",
      "tsconfig/no-suppress-implicit-any-index-errors",
      "tsconfig/require-bundler-module-resolution",
      "tsconfig/require-composite-for-references",
      "tsconfig/require-declaration-map",
      "tsconfig/require-declaration-with-composite",
      "tsconfig/require-downlevel-iteration-with-iterators",
      "tsconfig/require-exact-optional-property-types",
      "tsconfig/require-exclude-common-artifacts",
      "tsconfig/require-force-consistent-casing-in-file-names",
      "tsconfig/require-isolated-declarations",
      "tsconfig/require-isolated-modules",
      "tsconfig/require-no-fallthrough-cases-in-switch",
      "tsconfig/require-no-implicit-override",
      "tsconfig/require-no-implicit-returns",
      "tsconfig/require-no-property-access-from-index-signature",
      "tsconfig/require-no-unchecked-indexed-access",
      "tsconfig/require-no-unused-locals",
      "tsconfig/require-no-unused-parameters",
      "tsconfig/require-outdir-when-emitting",
      "tsconfig/require-source-map-in-dev",
      "tsconfig/require-strict-mode",
      "tsconfig/require-use-unknown-in-catch-variables",
      "tsconfig/require-verbatim-module-syntax",
    ],
  },
  {
    "configKey": "emit-config",
    "parserOptions": {
      "ecmaVersion": null,
      "projectService": false,
      "sourceType": null,
    },
    "presetName": "tsconfig/emit-config",
    "ruleCount": 9,
    "ruleIds": [
      "tsconfig/consistent-incremental-with-tsbuildinfo",
      "tsconfig/no-declaration-only-without-declaration",
      "tsconfig/no-emit-in-root-config",
      "tsconfig/no-inline-source-map",
      "tsconfig/no-rootdir-includes-outdir",
      "tsconfig/require-declaration-map",
      "tsconfig/require-isolated-declarations",
      "tsconfig/require-outdir-when-emitting",
      "tsconfig/require-source-map-in-dev",
    ],
  },
  {
    "configKey": "include-hygiene",
    "parserOptions": {
      "ecmaVersion": null,
      "projectService": false,
      "sourceType": null,
    },
    "presetName": "tsconfig/include-hygiene",
    "ruleCount": 6,
    "ruleIds": [
      "tsconfig/no-allowjs-without-checkjs",
      "tsconfig/no-include-dist",
      "tsconfig/no-include-node-modules",
      "tsconfig/no-skip-lib-check",
      "tsconfig/require-exclude-common-artifacts",
      "tsconfig/require-force-consistent-casing-in-file-names",
    ],
  },
  {
    "configKey": "jsconfig",
    "parserOptions": {
      "ecmaVersion": null,
      "projectService": false,
      "sourceType": null,
    },
    "presetName": "tsconfig/jsconfig",
    "ruleCount": 13,
    "ruleIds": [
      "tsconfig/consistent-module-resolution",
      "tsconfig/no-disable-strict-subset",
      "tsconfig/no-include-dist",
      "tsconfig/no-include-node-modules",
      "tsconfig/no-legacy-module-resolution",
      "tsconfig/no-skip-lib-check",
      "tsconfig/require-bundler-module-resolution",
      "tsconfig/require-exact-optional-property-types",
      "tsconfig/require-exclude-common-artifacts",
      "tsconfig/require-no-implicit-override",
      "tsconfig/require-no-unchecked-indexed-access",
      "tsconfig/require-strict-mode",
      "tsconfig/require-verbatim-module-syntax",
    ],
  },
  {
    "configKey": "lib-target",
    "parserOptions": {
      "ecmaVersion": null,
      "projectService": false,
      "sourceType": null,
    },
    "presetName": "tsconfig/lib-target",
    "ruleCount": 4,
    "ruleIds": [
      "tsconfig/consistent-target-and-lib",
      "tsconfig/no-deprecated-target",
      "tsconfig/no-esnext-target-in-library",
      "tsconfig/require-downlevel-iteration-with-iterators",
    ],
  },
  {
    "configKey": "module-resolution",
    "parserOptions": {
      "ecmaVersion": null,
      "projectService": false,
      "sourceType": null,
    },
    "presetName": "tsconfig/module-resolution",
    "ruleCount": 7,
    "ruleIds": [
      "tsconfig/consistent-module-resolution",
      "tsconfig/no-esmoduleinterop-with-verbatim",
      "tsconfig/no-legacy-module-detection",
      "tsconfig/no-legacy-module-resolution",
      "tsconfig/require-bundler-module-resolution",
      "tsconfig/require-isolated-modules",
      "tsconfig/require-verbatim-module-syntax",
    ],
  },
  {
    "configKey": "project-references",
    "parserOptions": {
      "ecmaVersion": null,
      "projectService": false,
      "sourceType": null,
    },
    "presetName": "tsconfig/project-references",
    "ruleCount": 3,
    "ruleIds": [
      "tsconfig/no-emit-in-root-config",
      "tsconfig/require-composite-for-references",
      "tsconfig/require-declaration-with-composite",
    ],
  },
  {
    "configKey": "recommended",
    "parserOptions": {
      "ecmaVersion": null,
      "projectService": false,
      "sourceType": null,
    },
    "presetName": "tsconfig/recommended",
    "ruleCount": 3,
    "ruleIds": [
      "tsconfig/consistent-module-resolution",
      "tsconfig/require-force-consistent-casing-in-file-names",
      "tsconfig/require-strict-mode",
    ],
  },
  {
    "configKey": "strict",
    "parserOptions": {
      "ecmaVersion": null,
      "projectService": false,
      "sourceType": null,
    },
    "presetName": "tsconfig/strict",
    "ruleCount": 12,
    "ruleIds": [
      "tsconfig/consistent-module-resolution",
      "tsconfig/no-declaration-only-without-declaration",
      "tsconfig/no-disable-strict-subset",
      "tsconfig/no-esmoduleinterop-with-verbatim",
      "tsconfig/no-include-dist",
      "tsconfig/no-include-node-modules",
      "tsconfig/no-rootdir-includes-outdir",
      "tsconfig/require-composite-for-references",
      "tsconfig/require-declaration-with-composite",
      "tsconfig/require-force-consistent-casing-in-file-names",
      "tsconfig/require-outdir-when-emitting",
      "tsconfig/require-strict-mode",
    ],
  },
  {
    "configKey": "strict-mode",
    "parserOptions": {
      "ecmaVersion": null,
      "projectService": false,
      "sourceType": null,
    },
    "presetName": "tsconfig/strict-mode",
    "ruleCount": 12,
    "ruleIds": [
      "tsconfig/no-disable-strict-subset",
      "tsconfig/no-suppress-implicit-any-index-errors",
      "tsconfig/require-exact-optional-property-types",
      "tsconfig/require-no-fallthrough-cases-in-switch",
      "tsconfig/require-no-implicit-override",
      "tsconfig/require-no-implicit-returns",
      "tsconfig/require-no-property-access-from-index-signature",
      "tsconfig/require-no-unchecked-indexed-access",
      "tsconfig/require-no-unused-locals",
      "tsconfig/require-no-unused-parameters",
      "tsconfig/require-strict-mode",
      "tsconfig/require-use-unknown-in-catch-variables",
    ],
  },
  {
    "configKey": "strictest",
    "parserOptions": {
      "ecmaVersion": null,
      "projectService": false,
      "sourceType": null,
    },
    "presetName": "tsconfig/strictest",
    "ruleCount": 6,
    "ruleIds": [
      "tsconfig/no-disable-strict-subset",
      "tsconfig/no-skip-lib-check",
      "tsconfig/require-exact-optional-property-types",
      "tsconfig/require-no-implicit-override",
      "tsconfig/require-no-unchecked-indexed-access",
      "tsconfig/require-strict-mode",
    ],
  },
]
`;
