// Vitest Snapshot v1, https://vitest.dev/guide/snapshot.html

exports[`rule metadata snapshots > keeps normalized rule metadata contract stable 1`] = `
[
  {
    "defaultOptionsLength": 0,
    "docs": {
      "recommended": false,
      "requiresTypeChecking": false,
      "ruleId": "R001",
      "ruleNumber": 1,
      "tsconfigConfigs": [
        "all",
        "emit-config",
      ],
      "url": "https://nick2bad4u.github.io/eslint-plugin-tsconfig/docs/rules/consistent-incremental-with-tsbuildinfo",
    },
    "fixable": "code",
    "hasSuggestions": false,
    "messageIds": [
      "missingTsBuildInfoFile",
    ],
    "ruleId": "consistent-incremental-with-tsbuildinfo",
    "schemaLength": 0,
    "type": "suggestion",
  },
  {
    "defaultOptionsLength": 0,
    "docs": {
      "recommended": true,
      "requiresTypeChecking": false,
      "ruleId": "R002",
      "ruleNumber": 2,
      "tsconfigConfigs": [
        "all",
        "module-resolution",
        "recommended",
        "strict",
      ],
      "url": "https://nick2bad4u.github.io/eslint-plugin-tsconfig/docs/rules/consistent-module-resolution",
    },
    "fixable": null,
    "hasSuggestions": false,
    "messageIds": [
      "incompatibleModuleResolution",
    ],
    "ruleId": "consistent-module-resolution",
    "schemaLength": 0,
    "type": "problem",
  },
  {
    "defaultOptionsLength": 0,
    "docs": {
      "recommended": false,
      "requiresTypeChecking": false,
      "ruleId": "R003",
      "ruleNumber": 3,
      "tsconfigConfigs": [
        "all",
        "lib-target",
      ],
      "url": "https://nick2bad4u.github.io/eslint-plugin-tsconfig/docs/rules/consistent-target-and-lib",
    },
    "fixable": null,
    "hasSuggestions": false,
    "messageIds": [
      "inconsistentTargetAndLib",
    ],
    "ruleId": "consistent-target-and-lib",
    "schemaLength": 0,
    "type": "suggestion",
  },
  {
    "defaultOptionsLength": 0,
    "docs": {
      "recommended": false,
      "requiresTypeChecking": false,
      "ruleId": "R026",
      "ruleNumber": 26,
      "tsconfigConfigs": [
        "all",
        "include-hygiene",
        "jsconfig",
      ],
      "url": "https://nick2bad4u.github.io/eslint-plugin-tsconfig/docs/rules/no-allowjs-without-checkjs",
    },
    "fixable": null,
    "hasSuggestions": false,
    "messageIds": [
      "allowJsWithoutCheckJs",
    ],
    "ruleId": "no-allowjs-without-checkjs",
    "schemaLength": 0,
    "type": "problem",
  },
  {
    "defaultOptionsLength": 0,
    "docs": {
      "recommended": false,
      "requiresTypeChecking": false,
      "ruleId": "R004",
      "ruleNumber": 4,
      "tsconfigConfigs": [
        "all",
        "emit-config",
        "strict",
      ],
      "url": "https://nick2bad4u.github.io/eslint-plugin-tsconfig/docs/rules/no-declaration-only-without-declaration",
    },
    "fixable": "code",
    "hasSuggestions": false,
    "messageIds": [
      "missingDeclaration",
    ],
    "ruleId": "no-declaration-only-without-declaration",
    "schemaLength": 0,
    "type": "problem",
  },
  {
    "defaultOptionsLength": 0,
    "docs": {
      "recommended": false,
      "requiresTypeChecking": false,
      "ruleId": "R027",
      "ruleNumber": 27,
      "tsconfigConfigs": [
        "all",
        "lib-target",
      ],
      "url": "https://nick2bad4u.github.io/eslint-plugin-tsconfig/docs/rules/no-deprecated-target",
    },
    "fixable": null,
    "hasSuggestions": false,
    "messageIds": [
      "deprecatedTarget",
    ],
    "ruleId": "no-deprecated-target",
    "schemaLength": 0,
    "type": "suggestion",
  },
  {
    "defaultOptionsLength": 0,
    "docs": {
      "recommended": false,
      "requiresTypeChecking": false,
      "ruleId": "R005",
      "ruleNumber": 5,
      "tsconfigConfigs": [
        "all",
        "strict",
        "strict-mode",
      ],
      "url": "https://nick2bad4u.github.io/eslint-plugin-tsconfig/docs/rules/no-disable-strict-subset",
    },
    "fixable": null,
    "hasSuggestions": false,
    "messageIds": [
      "disabledStrictSubflag",
    ],
    "ruleId": "no-disable-strict-subset",
    "schemaLength": 0,
    "type": "problem",
  },
  {
    "defaultOptionsLength": 0,
    "docs": {
      "recommended": false,
      "requiresTypeChecking": false,
      "ruleId": "R006",
      "ruleNumber": 6,
      "tsconfigConfigs": [
        "all",
        "emit-config",
        "project-references",
      ],
      "url": "https://nick2bad4u.github.io/eslint-plugin-tsconfig/docs/rules/no-emit-in-root-config",
    },
    "fixable": "code",
    "hasSuggestions": false,
    "messageIds": [
      "missingNoEmit",
    ],
    "ruleId": "no-emit-in-root-config",
    "schemaLength": 0,
    "type": "suggestion",
  },
  {
    "defaultOptionsLength": 0,
    "docs": {
      "recommended": false,
      "requiresTypeChecking": false,
      "ruleId": "R007",
      "ruleNumber": 7,
      "tsconfigConfigs": [
        "all",
        "module-resolution",
        "strict",
      ],
      "url": "https://nick2bad4u.github.io/eslint-plugin-tsconfig/docs/rules/no-esmoduleinterop-with-verbatim",
    },
    "fixable": "code",
    "hasSuggestions": false,
    "messageIds": [
      "conflictingFlags",
    ],
    "ruleId": "no-esmoduleinterop-with-verbatim",
    "schemaLength": 0,
    "type": "problem",
  },
  {
    "defaultOptionsLength": 0,
    "docs": {
      "recommended": false,
      "requiresTypeChecking": false,
      "ruleId": "R008",
      "ruleNumber": 8,
      "tsconfigConfigs": [
        "all",
        "lib-target",
      ],
      "url": "https://nick2bad4u.github.io/eslint-plugin-tsconfig/docs/rules/no-esnext-target-in-library",
    },
    "fixable": null,
    "hasSuggestions": false,
    "messageIds": [
      "esnextTargetInLibrary",
    ],
    "ruleId": "no-esnext-target-in-library",
    "schemaLength": 0,
    "type": "suggestion",
  },
  {
    "defaultOptionsLength": 0,
    "docs": {
      "recommended": false,
      "requiresTypeChecking": false,
      "ruleId": "R009",
      "ruleNumber": 9,
      "tsconfigConfigs": [
        "all",
        "include-hygiene",
        "strict",
      ],
      "url": "https://nick2bad4u.github.io/eslint-plugin-tsconfig/docs/rules/no-include-dist",
    },
    "fixable": null,
    "hasSuggestions": false,
    "messageIds": [
      "distInInclude",
    ],
    "ruleId": "no-include-dist",
    "schemaLength": 0,
    "type": "problem",
  },
  {
    "defaultOptionsLength": 0,
    "docs": {
      "recommended": false,
      "requiresTypeChecking": false,
      "ruleId": "R010",
      "ruleNumber": 10,
      "tsconfigConfigs": [
        "all",
        "include-hygiene",
        "strict",
      ],
      "url": "https://nick2bad4u.github.io/eslint-plugin-tsconfig/docs/rules/no-include-node-modules",
    },
    "fixable": "code",
    "hasSuggestions": false,
    "messageIds": [
      "nodeModulesInInclude",
    ],
    "ruleId": "no-include-node-modules",
    "schemaLength": 0,
    "type": "problem",
  },
  {
    "defaultOptionsLength": 0,
    "docs": {
      "recommended": false,
      "requiresTypeChecking": false,
      "ruleId": "R038",
      "ruleNumber": 38,
      "tsconfigConfigs": [
        "all",
        "emit-config",
      ],
      "url": "https://nick2bad4u.github.io/eslint-plugin-tsconfig/docs/rules/no-inline-source-map",
    },
    "fixable": null,
    "hasSuggestions": false,
    "messageIds": [
      "inlineSourceMap",
    ],
    "ruleId": "no-inline-source-map",
    "schemaLength": 0,
    "type": "suggestion",
  },
  {
    "defaultOptionsLength": 0,
    "docs": {
      "recommended": false,
      "requiresTypeChecking": false,
      "ruleId": "R031",
      "ruleNumber": 31,
      "tsconfigConfigs": [
        "all",
        "module-resolution",
      ],
      "url": "https://nick2bad4u.github.io/eslint-plugin-tsconfig/docs/rules/no-legacy-module-detection",
    },
    "fixable": null,
    "hasSuggestions": false,
    "messageIds": [
      "legacyModuleDetection",
    ],
    "ruleId": "no-legacy-module-detection",
    "schemaLength": 0,
    "type": "suggestion",
  },
  {
    "defaultOptionsLength": 0,
    "docs": {
      "recommended": false,
      "requiresTypeChecking": false,
      "ruleId": "R011",
      "ruleNumber": 11,
      "tsconfigConfigs": [
        "all",
        "module-resolution",
      ],
      "url": "https://nick2bad4u.github.io/eslint-plugin-tsconfig/docs/rules/no-legacy-module-resolution",
    },
    "fixable": null,
    "hasSuggestions": false,
    "messageIds": [
      "legacyModuleResolution",
    ],
    "ruleId": "no-legacy-module-resolution",
    "schemaLength": 0,
    "type": "suggestion",
  },
  {
    "defaultOptionsLength": 0,
    "docs": {
      "recommended": false,
      "requiresTypeChecking": false,
      "ruleId": "R012",
      "ruleNumber": 12,
      "tsconfigConfigs": [
        "all",
        "emit-config",
        "strict",
      ],
      "url": "https://nick2bad4u.github.io/eslint-plugin-tsconfig/docs/rules/no-rootdir-includes-outdir",
    },
    "fixable": null,
    "hasSuggestions": false,
    "messageIds": [
      "rootDirIncludesOutDir",
    ],
    "ruleId": "no-rootdir-includes-outdir",
    "schemaLength": 0,
    "type": "problem",
  },
  {
    "defaultOptionsLength": 0,
    "docs": {
      "recommended": false,
      "requiresTypeChecking": false,
      "ruleId": "R013",
      "ruleNumber": 13,
      "tsconfigConfigs": [
        "all",
        "include-hygiene",
      ],
      "url": "https://nick2bad4u.github.io/eslint-plugin-tsconfig/docs/rules/no-skip-lib-check",
    },
    "fixable": null,
    "hasSuggestions": false,
    "messageIds": [
      "skipLibCheck",
    ],
    "ruleId": "no-skip-lib-check",
    "schemaLength": 0,
    "type": "suggestion",
  },
  {
    "defaultOptionsLength": 0,
    "docs": {
      "recommended": false,
      "requiresTypeChecking": false,
      "ruleId": "R036",
      "ruleNumber": 36,
      "tsconfigConfigs": [
        "all",
        "strict-mode",
        "strictest",
      ],
      "url": "https://nick2bad4u.github.io/eslint-plugin-tsconfig/docs/rules/no-suppress-implicit-any-index-errors",
    },
    "fixable": null,
    "hasSuggestions": false,
    "messageIds": [
      "suppressImplicitAnyIndexErrors",
    ],
    "ruleId": "no-suppress-implicit-any-index-errors",
    "schemaLength": 0,
    "type": "problem",
  },
  {
    "defaultOptionsLength": 0,
    "docs": {
      "recommended": false,
      "requiresTypeChecking": false,
      "ruleId": "R014",
      "ruleNumber": 14,
      "tsconfigConfigs": [
        "all",
        "module-resolution",
      ],
      "url": "https://nick2bad4u.github.io/eslint-plugin-tsconfig/docs/rules/require-bundler-module-resolution",
    },
    "fixable": "code",
    "hasSuggestions": false,
    "messageIds": [
      "missingBundlerResolution",
    ],
    "ruleId": "require-bundler-module-resolution",
    "schemaLength": 0,
    "type": "suggestion",
  },
  {
    "defaultOptionsLength": 0,
    "docs": {
      "recommended": false,
      "requiresTypeChecking": false,
      "ruleId": "R015",
      "ruleNumber": 15,
      "tsconfigConfigs": [
        "all",
        "project-references",
        "strict",
      ],
      "url": "https://nick2bad4u.github.io/eslint-plugin-tsconfig/docs/rules/require-composite-for-references",
    },
    "fixable": "code",
    "hasSuggestions": false,
    "messageIds": [
      "missingComposite",
    ],
    "ruleId": "require-composite-for-references",
    "schemaLength": 0,
    "type": "problem",
  },
  {
    "defaultOptionsLength": 0,
    "docs": {
      "recommended": false,
      "requiresTypeChecking": false,
      "ruleId": "R037",
      "ruleNumber": 37,
      "tsconfigConfigs": [
        "all",
        "emit-config",
      ],
      "url": "https://nick2bad4u.github.io/eslint-plugin-tsconfig/docs/rules/require-declaration-map",
    },
    "fixable": "code",
    "hasSuggestions": false,
    "messageIds": [
      "missingDeclarationMap",
    ],
    "ruleId": "require-declaration-map",
    "schemaLength": 0,
    "type": "suggestion",
  },
  {
    "defaultOptionsLength": 0,
    "docs": {
      "recommended": false,
      "requiresTypeChecking": false,
      "ruleId": "R016",
      "ruleNumber": 16,
      "tsconfigConfigs": [
        "all",
        "project-references",
        "strict",
      ],
      "url": "https://nick2bad4u.github.io/eslint-plugin-tsconfig/docs/rules/require-declaration-with-composite",
    },
    "fixable": "code",
    "hasSuggestions": false,
    "messageIds": [
      "missingDeclaration",
    ],
    "ruleId": "require-declaration-with-composite",
    "schemaLength": 0,
    "type": "problem",
  },
  {
    "defaultOptionsLength": 0,
    "docs": {
      "recommended": false,
      "requiresTypeChecking": false,
      "ruleId": "R017",
      "ruleNumber": 17,
      "tsconfigConfigs": [
        "all",
        "lib-target",
      ],
      "url": "https://nick2bad4u.github.io/eslint-plugin-tsconfig/docs/rules/require-downlevel-iteration-with-iterators",
    },
    "fixable": "code",
    "hasSuggestions": false,
    "messageIds": [
      "missingDownlevelIteration",
    ],
    "ruleId": "require-downlevel-iteration-with-iterators",
    "schemaLength": 0,
    "type": "suggestion",
  },
  {
    "defaultOptionsLength": 0,
    "docs": {
      "recommended": false,
      "requiresTypeChecking": false,
      "ruleId": "R018",
      "ruleNumber": 18,
      "tsconfigConfigs": [
        "all",
        "strict-mode",
      ],
      "url": "https://nick2bad4u.github.io/eslint-plugin-tsconfig/docs/rules/require-exact-optional-property-types",
    },
    "fixable": "code",
    "hasSuggestions": false,
    "messageIds": [
      "missingExactOptionalPropertyTypes",
    ],
    "ruleId": "require-exact-optional-property-types",
    "schemaLength": 0,
    "type": "suggestion",
  },
  {
    "defaultOptionsLength": 0,
    "docs": {
      "recommended": false,
      "requiresTypeChecking": false,
      "ruleId": "R019",
      "ruleNumber": 19,
      "tsconfigConfigs": [
        "all",
        "include-hygiene",
      ],
      "url": "https://nick2bad4u.github.io/eslint-plugin-tsconfig/docs/rules/require-exclude-common-artifacts",
    },
    "fixable": "code",
    "hasSuggestions": false,
    "messageIds": [
      "missingExcludeEntry",
    ],
    "ruleId": "require-exclude-common-artifacts",
    "schemaLength": 0,
    "type": "suggestion",
  },
  {
    "defaultOptionsLength": 0,
    "docs": {
      "recommended": true,
      "requiresTypeChecking": false,
      "ruleId": "R028",
      "ruleNumber": 28,
      "tsconfigConfigs": [
        "all",
        "include-hygiene",
        "recommended",
        "strict",
        "strictest",
      ],
      "url": "https://nick2bad4u.github.io/eslint-plugin-tsconfig/docs/rules/require-force-consistent-casing-in-file-names",
    },
    "fixable": "code",
    "hasSuggestions": false,
    "messageIds": [
      "missingForceConsistentCasingInFileNames",
    ],
    "ruleId": "require-force-consistent-casing-in-file-names",
    "schemaLength": 0,
    "type": "problem",
  },
  {
    "defaultOptionsLength": 0,
    "docs": {
      "recommended": false,
      "requiresTypeChecking": false,
      "ruleId": "R034",
      "ruleNumber": 34,
      "tsconfigConfigs": [
        "all",
        "emit-config",
        "strictest",
      ],
      "url": "https://nick2bad4u.github.io/eslint-plugin-tsconfig/docs/rules/require-isolated-declarations",
    },
    "fixable": "code",
    "hasSuggestions": false,
    "messageIds": [
      "missingIsolatedDeclarations",
    ],
    "ruleId": "require-isolated-declarations",
    "schemaLength": 0,
    "type": "suggestion",
  },
  {
    "defaultOptionsLength": 0,
    "docs": {
      "recommended": false,
      "requiresTypeChecking": false,
      "ruleId": "R029",
      "ruleNumber": 29,
      "tsconfigConfigs": [
        "all",
        "module-resolution",
      ],
      "url": "https://nick2bad4u.github.io/eslint-plugin-tsconfig/docs/rules/require-isolated-modules",
    },
    "fixable": "code",
    "hasSuggestions": false,
    "messageIds": [
      "missingIsolatedModules",
    ],
    "ruleId": "require-isolated-modules",
    "schemaLength": 0,
    "type": "suggestion",
  },
  {
    "defaultOptionsLength": 0,
    "docs": {
      "recommended": false,
      "requiresTypeChecking": false,
      "ruleId": "R032",
      "ruleNumber": 32,
      "tsconfigConfigs": [
        "all",
        "strict-mode",
        "strictest",
      ],
      "url": "https://nick2bad4u.github.io/eslint-plugin-tsconfig/docs/rules/require-no-fallthrough-cases-in-switch",
    },
    "fixable": "code",
    "hasSuggestions": false,
    "messageIds": [
      "missingNoFallthroughCasesInSwitch",
    ],
    "ruleId": "require-no-fallthrough-cases-in-switch",
    "schemaLength": 0,
    "type": "suggestion",
  },
  {
    "defaultOptionsLength": 0,
    "docs": {
      "recommended": false,
      "requiresTypeChecking": false,
      "ruleId": "R020",
      "ruleNumber": 20,
      "tsconfigConfigs": [
        "all",
        "strict-mode",
      ],
      "url": "https://nick2bad4u.github.io/eslint-plugin-tsconfig/docs/rules/require-no-implicit-override",
    },
    "fixable": "code",
    "hasSuggestions": false,
    "messageIds": [
      "missingNoImplicitOverride",
    ],
    "ruleId": "require-no-implicit-override",
    "schemaLength": 0,
    "type": "suggestion",
  },
  {
    "defaultOptionsLength": 0,
    "docs": {
      "recommended": false,
      "requiresTypeChecking": false,
      "ruleId": "R033",
      "ruleNumber": 33,
      "tsconfigConfigs": [
        "all",
        "strict-mode",
        "strictest",
      ],
      "url": "https://nick2bad4u.github.io/eslint-plugin-tsconfig/docs/rules/require-no-implicit-returns",
    },
    "fixable": "code",
    "hasSuggestions": false,
    "messageIds": [
      "missingNoImplicitReturns",
    ],
    "ruleId": "require-no-implicit-returns",
    "schemaLength": 0,
    "type": "suggestion",
  },
  {
    "defaultOptionsLength": 0,
    "docs": {
      "recommended": false,
      "requiresTypeChecking": false,
      "ruleId": "R035",
      "ruleNumber": 35,
      "tsconfigConfigs": [
        "all",
        "strict-mode",
        "strictest",
      ],
      "url": "https://nick2bad4u.github.io/eslint-plugin-tsconfig/docs/rules/require-no-property-access-from-index-signature",
    },
    "fixable": "code",
    "hasSuggestions": false,
    "messageIds": [
      "missingNoPropertyAccessFromIndexSignature",
    ],
    "ruleId": "require-no-property-access-from-index-signature",
    "schemaLength": 0,
    "type": "suggestion",
  },
  {
    "defaultOptionsLength": 0,
    "docs": {
      "recommended": false,
      "requiresTypeChecking": false,
      "ruleId": "R021",
      "ruleNumber": 21,
      "tsconfigConfigs": [
        "all",
        "strict-mode",
      ],
      "url": "https://nick2bad4u.github.io/eslint-plugin-tsconfig/docs/rules/require-no-unchecked-indexed-access",
    },
    "fixable": "code",
    "hasSuggestions": false,
    "messageIds": [
      "missingNoUncheckedIndexedAccess",
    ],
    "ruleId": "require-no-unchecked-indexed-access",
    "schemaLength": 0,
    "type": "suggestion",
  },
  {
    "defaultOptionsLength": 0,
    "docs": {
      "recommended": false,
      "requiresTypeChecking": false,
      "ruleId": "R039",
      "ruleNumber": 39,
      "tsconfigConfigs": [
        "all",
        "strict-mode",
        "strictest",
      ],
      "url": "https://nick2bad4u.github.io/eslint-plugin-tsconfig/docs/rules/require-no-unused-locals",
    },
    "fixable": "code",
    "hasSuggestions": false,
    "messageIds": [
      "missingNoUnusedLocals",
    ],
    "ruleId": "require-no-unused-locals",
    "schemaLength": 0,
    "type": "suggestion",
  },
  {
    "defaultOptionsLength": 0,
    "docs": {
      "recommended": false,
      "requiresTypeChecking": false,
      "ruleId": "R040",
      "ruleNumber": 40,
      "tsconfigConfigs": [
        "all",
        "strict-mode",
        "strictest",
      ],
      "url": "https://nick2bad4u.github.io/eslint-plugin-tsconfig/docs/rules/require-no-unused-parameters",
    },
    "fixable": "code",
    "hasSuggestions": false,
    "messageIds": [
      "missingNoUnusedParameters",
    ],
    "ruleId": "require-no-unused-parameters",
    "schemaLength": 0,
    "type": "suggestion",
  },
  {
    "defaultOptionsLength": 0,
    "docs": {
      "recommended": false,
      "requiresTypeChecking": false,
      "ruleId": "R022",
      "ruleNumber": 22,
      "tsconfigConfigs": [
        "all",
        "emit-config",
        "strict",
      ],
      "url": "https://nick2bad4u.github.io/eslint-plugin-tsconfig/docs/rules/require-outdir-when-emitting",
    },
    "fixable": null,
    "hasSuggestions": false,
    "messageIds": [
      "missingOutDir",
    ],
    "ruleId": "require-outdir-when-emitting",
    "schemaLength": 0,
    "type": "problem",
  },
  {
    "defaultOptionsLength": 0,
    "docs": {
      "recommended": false,
      "requiresTypeChecking": false,
      "ruleId": "R023",
      "ruleNumber": 23,
      "tsconfigConfigs": [
        "all",
        "emit-config",
      ],
      "url": "https://nick2bad4u.github.io/eslint-plugin-tsconfig/docs/rules/require-source-map-in-dev",
    },
    "fixable": "code",
    "hasSuggestions": false,
    "messageIds": [
      "missingSourceMap",
    ],
    "ruleId": "require-source-map-in-dev",
    "schemaLength": 0,
    "type": "suggestion",
  },
  {
    "defaultOptionsLength": 0,
    "docs": {
      "recommended": true,
      "requiresTypeChecking": false,
      "ruleId": "R024",
      "ruleNumber": 24,
      "tsconfigConfigs": [
        "all",
        "recommended",
        "strict",
        "strict-mode",
      ],
      "url": "https://nick2bad4u.github.io/eslint-plugin-tsconfig/docs/rules/require-strict-mode",
    },
    "fixable": "code",
    "hasSuggestions": false,
    "messageIds": [
      "missingStrict",
    ],
    "ruleId": "require-strict-mode",
    "schemaLength": 0,
    "type": "suggestion",
  },
  {
    "defaultOptionsLength": 0,
    "docs": {
      "recommended": false,
      "requiresTypeChecking": false,
      "ruleId": "R030",
      "ruleNumber": 30,
      "tsconfigConfigs": [
        "all",
        "strict-mode",
        "strictest",
      ],
      "url": "https://nick2bad4u.github.io/eslint-plugin-tsconfig/docs/rules/require-use-unknown-in-catch-variables",
    },
    "fixable": "code",
    "hasSuggestions": false,
    "messageIds": [
      "missingUseUnknownInCatchVariables",
    ],
    "ruleId": "require-use-unknown-in-catch-variables",
    "schemaLength": 0,
    "type": "suggestion",
  },
  {
    "defaultOptionsLength": 0,
    "docs": {
      "recommended": false,
      "requiresTypeChecking": false,
      "ruleId": "R025",
      "ruleNumber": 25,
      "tsconfigConfigs": [
        "all",
        "module-resolution",
      ],
      "url": "https://nick2bad4u.github.io/eslint-plugin-tsconfig/docs/rules/require-verbatim-module-syntax",
    },
    "fixable": "code",
    "hasSuggestions": false,
    "messageIds": [
      "missingVerbatimModuleSyntax",
    ],
    "ruleId": "require-verbatim-module-syntax",
    "schemaLength": 0,
    "type": "suggestion",
  },
]
`;
